Archive member included to satisfy reference by file (symbol)

c:/program files (x86)/atmel/studio/7.0/toolchain/avr8/avr8-gnu-toolchain/bin/../lib/gcc/avr/5.4.0/avr5\libgcc.a(_udivmodsi4.o)
                              drivers/UART/UART.o (__udivmodsi4)
c:/program files (x86)/atmel/studio/7.0/toolchain/avr8/avr8-gnu-toolchain/bin/../lib/gcc/avr/5.4.0/avr5\libgcc.a(_exit.o)
                              C:/Program Files (x86)/Atmel/Studio/7.0/Packs/atmel/ATmega_DFP/1.7.374/gcc/dev/atmega32/avr5/crtatmega32.o (exit)
c:/program files (x86)/atmel/studio/7.0/toolchain/avr8/avr8-gnu-toolchain/bin/../lib/gcc/avr/5.4.0/avr5\libgcc.a(_copy_data.o)
                              core/ResourceManager.o (__do_copy_data)
c:/program files (x86)/atmel/studio/7.0/toolchain/avr8/avr8-gnu-toolchain/bin/../lib/gcc/avr/5.4.0/avr5\libgcc.a(_clear_bss.o)
                              core/SystemKernel.o (__do_clear_bss)
c:/program files (x86)/atmel/studio/7.0/toolchain/avr8/avr8-gnu-toolchain/bin/../lib/gcc/avr/5.4.0/avr5\libgcc.a(_ctors.o)
                              main.o (__do_global_ctors)
c:/program files (x86)/atmel/studio/7.0/toolchain/avr8/avr8-gnu-toolchain/bin/../lib/gcc/avr/5.4.0/avr5\libgcc.a(_dtors.o)
                              main.o (__do_global_dtors)
c:/program files (x86)/atmel/studio/7.0/toolchain/avr8/avr8-gnu-toolchain/bin/../lib/gcc/avr/5.4.0/avr5\libgcc.a(_tablejump2.o)
                              c:/program files (x86)/atmel/studio/7.0/toolchain/avr8/avr8-gnu-toolchain/bin/../lib/gcc/avr/5.4.0/avr5\libgcc.a(_ctors.o) (__tablejump2__)
c:/program files (x86)/atmel/studio/7.0/toolchain/avr8/avr8-gnu-toolchain/bin/../lib/gcc/avr/5.4.0/../../../../avr/lib/avr5\libc.a(itoa_ncheck.o)
                              main.o (__itoa_ncheck)
c:/program files (x86)/atmel/studio/7.0/toolchain/avr8/avr8-gnu-toolchain/bin/../lib/gcc/avr/5.4.0/../../../../avr/lib/avr5\libc.a(utoa_ncheck.o)
                              c:/program files (x86)/atmel/studio/7.0/toolchain/avr8/avr8-gnu-toolchain/bin/../lib/gcc/avr/5.4.0/../../../../avr/lib/avr5\libc.a(itoa_ncheck.o) (__utoa_common)
c:/program files (x86)/atmel/studio/7.0/toolchain/avr8/avr8-gnu-toolchain/bin/../lib/gcc/avr/5.4.0/../../../../avr/lib/avr5\libc.a(strrev.o)
                              c:/program files (x86)/atmel/studio/7.0/toolchain/avr8/avr8-gnu-toolchain/bin/../lib/gcc/avr/5.4.0/../../../../avr/lib/avr5\libc.a(utoa_ncheck.o) (strrev)

Discarded input sections

 .data          0x00000000        0x0 C:/Program Files (x86)/Atmel/Studio/7.0/Packs/atmel/ATmega_DFP/1.7.374/gcc/dev/atmega32/avr5/crtatmega32.o
 .bss           0x00000000        0x0 C:/Program Files (x86)/Atmel/Studio/7.0/Packs/atmel/ATmega_DFP/1.7.374/gcc/dev/atmega32/avr5/crtatmega32.o
 .text          0x00000000        0x0 core/Mutex.o
 .data          0x00000000        0x0 core/Mutex.o
 .bss           0x00000000        0x0 core/Mutex.o
 .text          0x00000000        0x0 core/ResourceManager.o
 .data          0x00000000        0x0 core/ResourceManager.o
 .bss           0x00000000        0x0 core/ResourceManager.o
 .text          0x00000000        0x0 core/SystemKernel.o
 .data          0x00000000        0x0 core/SystemKernel.o
 .bss           0x00000000        0x0 core/SystemKernel.o
 .text._ZN12SystemKernel24getResourceManagerForISREv
                0x00000000        0xa core/SystemKernel.o
 .text          0x00000000        0x0 core/TaskManager.o
 .data          0x00000000        0x0 core/TaskManager.o
 .bss           0x00000000        0x0 core/TaskManager.o
 .text._ZN11TaskManager11suspendTaskEPFvvE
                0x00000000       0x34 core/TaskManager.o
 .text._ZN11TaskManager10resumeTaskEPFvvE
                0x00000000       0x30 core/TaskManager.o
 .text          0x00000000        0x0 drivers/GPIO/GPIO.o
 .data          0x00000000        0x0 drivers/GPIO/GPIO.o
 .bss           0x00000000        0x0 drivers/GPIO/GPIO.o
 .text._Z17GPIO_SetDirection9GPIO_Port8GPIO_Pin14GPIO_Direction
                0x00000000       0x3c drivers/GPIO/GPIO.o
 .text._Z17GPIO_GetDirection9GPIO_Port8GPIO_Pin
                0x00000000       0x38 drivers/GPIO/GPIO.o
 .text._Z12GPIO_ReadPin9GPIO_Port8GPIO_Pin
                0x00000000       0x38 drivers/GPIO/GPIO.o
 .text._Z14GPIO_TogglePin9GPIO_Port8GPIO_Pin
                0x00000000       0x20 drivers/GPIO/GPIO.o
 .text._Z14GPIO_SetPullup9GPIO_Port8GPIO_Pin11GPIO_Pullup
                0x00000000       0x30 drivers/GPIO/GPIO.o
 .text._Z14GPIO_GetPullup9GPIO_Port8GPIO_Pin
                0x00000000       0x26 drivers/GPIO/GPIO.o
 .text._Z21GPIO_SetPortDirection9GPIO_Porth
                0x00000000       0x22 drivers/GPIO/GPIO.o
 .text._Z21GPIO_GetPortDirection9GPIO_Port
                0x00000000       0x22 drivers/GPIO/GPIO.o
 .text._Z13GPIO_ReadPort9GPIO_Port
                0x00000000       0x22 drivers/GPIO/GPIO.o
 .text._Z19GPIO_SetPortPullups9GPIO_Porth
                0x00000000       0x10 drivers/GPIO/GPIO.o
 .text._Z14GPIO_WritePort9GPIO_Porth
                0x00000000        0x4 drivers/GPIO/GPIO.o
 .text._Z19GPIO_GetPortPullups9GPIO_Port
                0x00000000        0xa drivers/GPIO/GPIO.o
 .text._Z12GPIO_SetBits9GPIO_Porth
                0x00000000       0x14 drivers/GPIO/GPIO.o
 .text._Z14GPIO_ClearBits9GPIO_Porth
                0x00000000       0x18 drivers/GPIO/GPIO.o
 .text._Z15GPIO_ToggleBits9GPIO_Porth
                0x00000000       0x14 drivers/GPIO/GPIO.o
 .text._Z16GPIO_WriteMasked9GPIO_Porthh
                0x00000000       0x22 drivers/GPIO/GPIO.o
 .text._Z18GPIO_ConfigurePort9GPIO_Porthhh
                0x00000000       0x50 drivers/GPIO/GPIO.o
 .rodata.CSWTCH.15
                0x00000000        0x6 drivers/GPIO/GPIO.o
 .rodata.CSWTCH.11
                0x00000000        0x6 drivers/GPIO/GPIO.o
 .text          0x00000000        0x0 drivers/UART/UART.o
 .data          0x00000000        0x0 drivers/UART/UART.o
 .bss           0x00000000        0x0 drivers/UART/UART.o
 .text._Z9UART_Init10UART_State
                0x00000000       0x18 drivers/UART/UART.o
 .text._Z11UART_Enablev
                0x00000000        0x8 drivers/UART/UART.o
 .text._Z15UART_SendBufferPKhj
                0x00000000       0x28 drivers/UART/UART.o
 .text._Z18UART_ReceiveBufferPhj
                0x00000000       0x56 drivers/UART/UART.o
 .text._Z18UART_DataAvailablev
                0x00000000       0x16 drivers/UART/UART.o
 .text._Z16UART_ReceiveBytev
                0x00000000       0x2c drivers/UART/UART.o
 .text._Z18UART_FlushRxBufferv
                0x00000000        0xe drivers/UART/UART.o
 .text._Z18UART_SetRxCallbackPFvcE
                0x00000000        0xa drivers/UART/UART.o
 .text          0x00000000        0x0 main.o
 .data          0x00000000        0x0 main.o
 .bss           0x00000000        0x0 main.o
 .text._Z14stressTestTaskv
                0x00000000      0x192 main.o
 .text._Z23priorityInheritanceTestv
                0x00000000       0x6c main.o
 .bss.stressFailures
                0x00000000        0x4 main.o
 .bss.stressSuccess
                0x00000000        0x4 main.o
 .text          0x00000000        0x0 resources/UART_Resource.o
 .data          0x00000000        0x0 resources/UART_Resource.o
 .bss           0x00000000        0x0 resources/UART_Resource.o
 .text._ZN13UART_Resource5startERKNS_6ConfigE
                0x00000000       0x12 resources/UART_Resource.o
 .text._ZN13UART_Resource4stopEv
                0x00000000       0x22 resources/UART_Resource.o
 .text._ZNK13UART_Resource9isWorkingEv
                0x00000000        0x6 resources/UART_Resource.o
 .text._ZNK13UART_Resource14bytesAvailableEv
                0x00000000        0xe resources/UART_Resource.o
 .text._ZN13UART_Resource4readEv
                0x00000000       0x1e resources/UART_Resource.o
 .text._ZN13UART_Resource4readEPhj
                0x00000000       0x4c resources/UART_Resource.o
 .text._ZN13UART_Resource5writeEh
                0x00000000       0x16 resources/UART_Resource.o
 .text._ZN13UART_Resource5writeEPKhj
                0x00000000       0x30 resources/UART_Resource.o
 .text._ZN13UART_Resource5flushEv
                0x00000000        0xc resources/UART_Resource.o
 .text._ZN13UART_Resource11setBaudRateEm
                0x00000000       0x32 resources/UART_Resource.o
 .text._ZNK13UART_Resource9getConfigEv
                0x00000000       0x10 resources/UART_Resource.o
 .text._ZN13UART_Resource13setRxCallbackEPFvcE
                0x00000000       0x10 resources/UART_Resource.o
 .text          0x00000000        0x0 c:/program files (x86)/atmel/studio/7.0/toolchain/avr8/avr8-gnu-toolchain/bin/../lib/gcc/avr/5.4.0/avr5\libgcc.a(_udivmodsi4.o)
 .data          0x00000000        0x0 c:/program files (x86)/atmel/studio/7.0/toolchain/avr8/avr8-gnu-toolchain/bin/../lib/gcc/avr/5.4.0/avr5\libgcc.a(_udivmodsi4.o)
 .bss           0x00000000        0x0 c:/program files (x86)/atmel/studio/7.0/toolchain/avr8/avr8-gnu-toolchain/bin/../lib/gcc/avr/5.4.0/avr5\libgcc.a(_udivmodsi4.o)
 .text.libgcc.mul
                0x00000000        0x0 c:/program files (x86)/atmel/studio/7.0/toolchain/avr8/avr8-gnu-toolchain/bin/../lib/gcc/avr/5.4.0/avr5\libgcc.a(_udivmodsi4.o)
 .text.libgcc   0x00000000        0x0 c:/program files (x86)/atmel/studio/7.0/toolchain/avr8/avr8-gnu-toolchain/bin/../lib/gcc/avr/5.4.0/avr5\libgcc.a(_udivmodsi4.o)
 .text.libgcc.prologue
                0x00000000        0x0 c:/program files (x86)/atmel/studio/7.0/toolchain/avr8/avr8-gnu-toolchain/bin/../lib/gcc/avr/5.4.0/avr5\libgcc.a(_udivmodsi4.o)
 .text.libgcc.builtins
                0x00000000        0x0 c:/program files (x86)/atmel/studio/7.0/toolchain/avr8/avr8-gnu-toolchain/bin/../lib/gcc/avr/5.4.0/avr5\libgcc.a(_udivmodsi4.o)
 .text.libgcc.fmul
                0x00000000        0x0 c:/program files (x86)/atmel/studio/7.0/toolchain/avr8/avr8-gnu-toolchain/bin/../lib/gcc/avr/5.4.0/avr5\libgcc.a(_udivmodsi4.o)
 .text.libgcc.fixed
                0x00000000        0x0 c:/program files (x86)/atmel/studio/7.0/toolchain/avr8/avr8-gnu-toolchain/bin/../lib/gcc/avr/5.4.0/avr5\libgcc.a(_udivmodsi4.o)
 .text          0x00000000        0x0 c:/program files (x86)/atmel/studio/7.0/toolchain/avr8/avr8-gnu-toolchain/bin/../lib/gcc/avr/5.4.0/avr5\libgcc.a(_exit.o)
 .data          0x00000000        0x0 c:/program files (x86)/atmel/studio/7.0/toolchain/avr8/avr8-gnu-toolchain/bin/../lib/gcc/avr/5.4.0/avr5\libgcc.a(_exit.o)
 .bss           0x00000000        0x0 c:/program files (x86)/atmel/studio/7.0/toolchain/avr8/avr8-gnu-toolchain/bin/../lib/gcc/avr/5.4.0/avr5\libgcc.a(_exit.o)
 .text.libgcc.mul
                0x00000000        0x0 c:/program files (x86)/atmel/studio/7.0/toolchain/avr8/avr8-gnu-toolchain/bin/../lib/gcc/avr/5.4.0/avr5\libgcc.a(_exit.o)
 .text.libgcc.div
                0x00000000        0x0 c:/program files (x86)/atmel/studio/7.0/toolchain/avr8/avr8-gnu-toolchain/bin/../lib/gcc/avr/5.4.0/avr5\libgcc.a(_exit.o)
 .text.libgcc   0x00000000        0x0 c:/program files (x86)/atmel/studio/7.0/toolchain/avr8/avr8-gnu-toolchain/bin/../lib/gcc/avr/5.4.0/avr5\libgcc.a(_exit.o)
 .text.libgcc.prologue
                0x00000000        0x0 c:/program files (x86)/atmel/studio/7.0/toolchain/avr8/avr8-gnu-toolchain/bin/../lib/gcc/avr/5.4.0/avr5\libgcc.a(_exit.o)
 .text.libgcc.builtins
                0x00000000        0x0 c:/program files (x86)/atmel/studio/7.0/toolchain/avr8/avr8-gnu-toolchain/bin/../lib/gcc/avr/5.4.0/avr5\libgcc.a(_exit.o)
 .text.libgcc.fmul
                0x00000000        0x0 c:/program files (x86)/atmel/studio/7.0/toolchain/avr8/avr8-gnu-toolchain/bin/../lib/gcc/avr/5.4.0/avr5\libgcc.a(_exit.o)
 .text.libgcc.fixed
                0x00000000        0x0 c:/program files (x86)/atmel/studio/7.0/toolchain/avr8/avr8-gnu-toolchain/bin/../lib/gcc/avr/5.4.0/avr5\libgcc.a(_exit.o)
 .text          0x00000000        0x0 c:/program files (x86)/atmel/studio/7.0/toolchain/avr8/avr8-gnu-toolchain/bin/../lib/gcc/avr/5.4.0/avr5\libgcc.a(_copy_data.o)
 .data          0x00000000        0x0 c:/program files (x86)/atmel/studio/7.0/toolchain/avr8/avr8-gnu-toolchain/bin/../lib/gcc/avr/5.4.0/avr5\libgcc.a(_copy_data.o)
 .bss           0x00000000        0x0 c:/program files (x86)/atmel/studio/7.0/toolchain/avr8/avr8-gnu-toolchain/bin/../lib/gcc/avr/5.4.0/avr5\libgcc.a(_copy_data.o)
 .text.libgcc.mul
                0x00000000        0x0 c:/program files (x86)/atmel/studio/7.0/toolchain/avr8/avr8-gnu-toolchain/bin/../lib/gcc/avr/5.4.0/avr5\libgcc.a(_copy_data.o)
 .text.libgcc.div
                0x00000000        0x0 c:/program files (x86)/atmel/studio/7.0/toolchain/avr8/avr8-gnu-toolchain/bin/../lib/gcc/avr/5.4.0/avr5\libgcc.a(_copy_data.o)
 .text.libgcc   0x00000000        0x0 c:/program files (x86)/atmel/studio/7.0/toolchain/avr8/avr8-gnu-toolchain/bin/../lib/gcc/avr/5.4.0/avr5\libgcc.a(_copy_data.o)
 .text.libgcc.prologue
                0x00000000        0x0 c:/program files (x86)/atmel/studio/7.0/toolchain/avr8/avr8-gnu-toolchain/bin/../lib/gcc/avr/5.4.0/avr5\libgcc.a(_copy_data.o)
 .text.libgcc.builtins
                0x00000000        0x0 c:/program files (x86)/atmel/studio/7.0/toolchain/avr8/avr8-gnu-toolchain/bin/../lib/gcc/avr/5.4.0/avr5\libgcc.a(_copy_data.o)
 .text.libgcc.fmul
                0x00000000        0x0 c:/program files (x86)/atmel/studio/7.0/toolchain/avr8/avr8-gnu-toolchain/bin/../lib/gcc/avr/5.4.0/avr5\libgcc.a(_copy_data.o)
 .text.libgcc.fixed
                0x00000000        0x0 c:/program files (x86)/atmel/studio/7.0/toolchain/avr8/avr8-gnu-toolchain/bin/../lib/gcc/avr/5.4.0/avr5\libgcc.a(_copy_data.o)
 .text          0x00000000        0x0 c:/program files (x86)/atmel/studio/7.0/toolchain/avr8/avr8-gnu-toolchain/bin/../lib/gcc/avr/5.4.0/avr5\libgcc.a(_clear_bss.o)
 .data          0x00000000        0x0 c:/program files (x86)/atmel/studio/7.0/toolchain/avr8/avr8-gnu-toolchain/bin/../lib/gcc/avr/5.4.0/avr5\libgcc.a(_clear_bss.o)
 .bss           0x00000000        0x0 c:/program files (x86)/atmel/studio/7.0/toolchain/avr8/avr8-gnu-toolchain/bin/../lib/gcc/avr/5.4.0/avr5\libgcc.a(_clear_bss.o)
 .text.libgcc.mul
                0x00000000        0x0 c:/program files (x86)/atmel/studio/7.0/toolchain/avr8/avr8-gnu-toolchain/bin/../lib/gcc/avr/5.4.0/avr5\libgcc.a(_clear_bss.o)
 .text.libgcc.div
                0x00000000        0x0 c:/program files (x86)/atmel/studio/7.0/toolchain/avr8/avr8-gnu-toolchain/bin/../lib/gcc/avr/5.4.0/avr5\libgcc.a(_clear_bss.o)
 .text.libgcc   0x00000000        0x0 c:/program files (x86)/atmel/studio/7.0/toolchain/avr8/avr8-gnu-toolchain/bin/../lib/gcc/avr/5.4.0/avr5\libgcc.a(_clear_bss.o)
 .text.libgcc.prologue
                0x00000000        0x0 c:/program files (x86)/atmel/studio/7.0/toolchain/avr8/avr8-gnu-toolchain/bin/../lib/gcc/avr/5.4.0/avr5\libgcc.a(_clear_bss.o)
 .text.libgcc.builtins
                0x00000000        0x0 c:/program files (x86)/atmel/studio/7.0/toolchain/avr8/avr8-gnu-toolchain/bin/../lib/gcc/avr/5.4.0/avr5\libgcc.a(_clear_bss.o)
 .text.libgcc.fmul
                0x00000000        0x0 c:/program files (x86)/atmel/studio/7.0/toolchain/avr8/avr8-gnu-toolchain/bin/../lib/gcc/avr/5.4.0/avr5\libgcc.a(_clear_bss.o)
 .text.libgcc.fixed
                0x00000000        0x0 c:/program files (x86)/atmel/studio/7.0/toolchain/avr8/avr8-gnu-toolchain/bin/../lib/gcc/avr/5.4.0/avr5\libgcc.a(_clear_bss.o)
 .text          0x00000000        0x0 c:/program files (x86)/atmel/studio/7.0/toolchain/avr8/avr8-gnu-toolchain/bin/../lib/gcc/avr/5.4.0/avr5\libgcc.a(_ctors.o)
 .data          0x00000000        0x0 c:/program files (x86)/atmel/studio/7.0/toolchain/avr8/avr8-gnu-toolchain/bin/../lib/gcc/avr/5.4.0/avr5\libgcc.a(_ctors.o)
 .bss           0x00000000        0x0 c:/program files (x86)/atmel/studio/7.0/toolchain/avr8/avr8-gnu-toolchain/bin/../lib/gcc/avr/5.4.0/avr5\libgcc.a(_ctors.o)
 .text.libgcc.mul
                0x00000000        0x0 c:/program files (x86)/atmel/studio/7.0/toolchain/avr8/avr8-gnu-toolchain/bin/../lib/gcc/avr/5.4.0/avr5\libgcc.a(_ctors.o)
 .text.libgcc.div
                0x00000000        0x0 c:/program files (x86)/atmel/studio/7.0/toolchain/avr8/avr8-gnu-toolchain/bin/../lib/gcc/avr/5.4.0/avr5\libgcc.a(_ctors.o)
 .text.libgcc   0x00000000        0x0 c:/program files (x86)/atmel/studio/7.0/toolchain/avr8/avr8-gnu-toolchain/bin/../lib/gcc/avr/5.4.0/avr5\libgcc.a(_ctors.o)
 .text.libgcc.prologue
                0x00000000        0x0 c:/program files (x86)/atmel/studio/7.0/toolchain/avr8/avr8-gnu-toolchain/bin/../lib/gcc/avr/5.4.0/avr5\libgcc.a(_ctors.o)
 .text.libgcc.builtins
                0x00000000        0x0 c:/program files (x86)/atmel/studio/7.0/toolchain/avr8/avr8-gnu-toolchain/bin/../lib/gcc/avr/5.4.0/avr5\libgcc.a(_ctors.o)
 .text.libgcc.fmul
                0x00000000        0x0 c:/program files (x86)/atmel/studio/7.0/toolchain/avr8/avr8-gnu-toolchain/bin/../lib/gcc/avr/5.4.0/avr5\libgcc.a(_ctors.o)
 .text.libgcc.fixed
                0x00000000        0x0 c:/program files (x86)/atmel/studio/7.0/toolchain/avr8/avr8-gnu-toolchain/bin/../lib/gcc/avr/5.4.0/avr5\libgcc.a(_ctors.o)
 .text          0x00000000        0x0 c:/program files (x86)/atmel/studio/7.0/toolchain/avr8/avr8-gnu-toolchain/bin/../lib/gcc/avr/5.4.0/avr5\libgcc.a(_dtors.o)
 .data          0x00000000        0x0 c:/program files (x86)/atmel/studio/7.0/toolchain/avr8/avr8-gnu-toolchain/bin/../lib/gcc/avr/5.4.0/avr5\libgcc.a(_dtors.o)
 .bss           0x00000000        0x0 c:/program files (x86)/atmel/studio/7.0/toolchain/avr8/avr8-gnu-toolchain/bin/../lib/gcc/avr/5.4.0/avr5\libgcc.a(_dtors.o)
 .text.libgcc.mul
                0x00000000        0x0 c:/program files (x86)/atmel/studio/7.0/toolchain/avr8/avr8-gnu-toolchain/bin/../lib/gcc/avr/5.4.0/avr5\libgcc.a(_dtors.o)
 .text.libgcc.div
                0x00000000        0x0 c:/program files (x86)/atmel/studio/7.0/toolchain/avr8/avr8-gnu-toolchain/bin/../lib/gcc/avr/5.4.0/avr5\libgcc.a(_dtors.o)
 .text.libgcc   0x00000000        0x0 c:/program files (x86)/atmel/studio/7.0/toolchain/avr8/avr8-gnu-toolchain/bin/../lib/gcc/avr/5.4.0/avr5\libgcc.a(_dtors.o)
 .text.libgcc.prologue
                0x00000000        0x0 c:/program files (x86)/atmel/studio/7.0/toolchain/avr8/avr8-gnu-toolchain/bin/../lib/gcc/avr/5.4.0/avr5\libgcc.a(_dtors.o)
 .text.libgcc.builtins
                0x00000000        0x0 c:/program files (x86)/atmel/studio/7.0/toolchain/avr8/avr8-gnu-toolchain/bin/../lib/gcc/avr/5.4.0/avr5\libgcc.a(_dtors.o)
 .text.libgcc.fmul
                0x00000000        0x0 c:/program files (x86)/atmel/studio/7.0/toolchain/avr8/avr8-gnu-toolchain/bin/../lib/gcc/avr/5.4.0/avr5\libgcc.a(_dtors.o)
 .text.libgcc.fixed
                0x00000000        0x0 c:/program files (x86)/atmel/studio/7.0/toolchain/avr8/avr8-gnu-toolchain/bin/../lib/gcc/avr/5.4.0/avr5\libgcc.a(_dtors.o)
 .text          0x00000000        0x0 c:/program files (x86)/atmel/studio/7.0/toolchain/avr8/avr8-gnu-toolchain/bin/../lib/gcc/avr/5.4.0/avr5\libgcc.a(_tablejump2.o)
 .data          0x00000000        0x0 c:/program files (x86)/atmel/studio/7.0/toolchain/avr8/avr8-gnu-toolchain/bin/../lib/gcc/avr/5.4.0/avr5\libgcc.a(_tablejump2.o)
 .bss           0x00000000        0x0 c:/program files (x86)/atmel/studio/7.0/toolchain/avr8/avr8-gnu-toolchain/bin/../lib/gcc/avr/5.4.0/avr5\libgcc.a(_tablejump2.o)
 .text.libgcc.mul
                0x00000000        0x0 c:/program files (x86)/atmel/studio/7.0/toolchain/avr8/avr8-gnu-toolchain/bin/../lib/gcc/avr/5.4.0/avr5\libgcc.a(_tablejump2.o)
 .text.libgcc.div
                0x00000000        0x0 c:/program files (x86)/atmel/studio/7.0/toolchain/avr8/avr8-gnu-toolchain/bin/../lib/gcc/avr/5.4.0/avr5\libgcc.a(_tablejump2.o)
 .text.libgcc.prologue
                0x00000000        0x0 c:/program files (x86)/atmel/studio/7.0/toolchain/avr8/avr8-gnu-toolchain/bin/../lib/gcc/avr/5.4.0/avr5\libgcc.a(_tablejump2.o)
 .text.libgcc.builtins
                0x00000000        0x0 c:/program files (x86)/atmel/studio/7.0/toolchain/avr8/avr8-gnu-toolchain/bin/../lib/gcc/avr/5.4.0/avr5\libgcc.a(_tablejump2.o)
 .text.libgcc.fmul
                0x00000000        0x0 c:/program files (x86)/atmel/studio/7.0/toolchain/avr8/avr8-gnu-toolchain/bin/../lib/gcc/avr/5.4.0/avr5\libgcc.a(_tablejump2.o)
 .text.libgcc.fixed
                0x00000000        0x0 c:/program files (x86)/atmel/studio/7.0/toolchain/avr8/avr8-gnu-toolchain/bin/../lib/gcc/avr/5.4.0/avr5\libgcc.a(_tablejump2.o)
 .text          0x00000000        0x0 c:/program files (x86)/atmel/studio/7.0/toolchain/avr8/avr8-gnu-toolchain/bin/../lib/gcc/avr/5.4.0/../../../../avr/lib/avr5\libc.a(itoa_ncheck.o)
 .data          0x00000000        0x0 c:/program files (x86)/atmel/studio/7.0/toolchain/avr8/avr8-gnu-toolchain/bin/../lib/gcc/avr/5.4.0/../../../../avr/lib/avr5\libc.a(itoa_ncheck.o)
 .bss           0x00000000        0x0 c:/program files (x86)/atmel/studio/7.0/toolchain/avr8/avr8-gnu-toolchain/bin/../lib/gcc/avr/5.4.0/../../../../avr/lib/avr5\libc.a(itoa_ncheck.o)
 .text          0x00000000        0x0 c:/program files (x86)/atmel/studio/7.0/toolchain/avr8/avr8-gnu-toolchain/bin/../lib/gcc/avr/5.4.0/../../../../avr/lib/avr5\libc.a(utoa_ncheck.o)
 .data          0x00000000        0x0 c:/program files (x86)/atmel/studio/7.0/toolchain/avr8/avr8-gnu-toolchain/bin/../lib/gcc/avr/5.4.0/../../../../avr/lib/avr5\libc.a(utoa_ncheck.o)
 .bss           0x00000000        0x0 c:/program files (x86)/atmel/studio/7.0/toolchain/avr8/avr8-gnu-toolchain/bin/../lib/gcc/avr/5.4.0/../../../../avr/lib/avr5\libc.a(utoa_ncheck.o)
 .text          0x00000000        0x0 c:/program files (x86)/atmel/studio/7.0/toolchain/avr8/avr8-gnu-toolchain/bin/../lib/gcc/avr/5.4.0/../../../../avr/lib/avr5\libc.a(strrev.o)
 .data          0x00000000        0x0 c:/program files (x86)/atmel/studio/7.0/toolchain/avr8/avr8-gnu-toolchain/bin/../lib/gcc/avr/5.4.0/../../../../avr/lib/avr5\libc.a(strrev.o)
 .bss           0x00000000        0x0 c:/program files (x86)/atmel/studio/7.0/toolchain/avr8/avr8-gnu-toolchain/bin/../lib/gcc/avr/5.4.0/../../../../avr/lib/avr5\libc.a(strrev.o)

Memory Configuration

Name             Origin             Length             Attributes
text             0x00000000         0x00008000         xr
data             0x00800060         0x00000800         rw !x
eeprom           0x00810000         0x00000400         rw !x
fuse             0x00820000         0x00000002         rw !x
lock             0x00830000         0x00000400         rw !x
signature        0x00840000         0x00000400         rw !x
user_signatures  0x00850000         0x00000400         rw !x
*default*        0x00000000         0xffffffff

Linker script and memory map

LOAD C:/Program Files (x86)/Atmel/Studio/7.0/Packs/atmel/ATmega_DFP/1.7.374/gcc/dev/atmega32/avr5/crtatmega32.o
LOAD core/Mutex.o
LOAD core/ResourceManager.o
LOAD core/SystemKernel.o
LOAD core/TaskManager.o
LOAD drivers/GPIO/GPIO.o
LOAD drivers/UART/UART.o
LOAD main.o
LOAD resources/UART_Resource.o
START GROUP
LOAD c:/program files (x86)/atmel/studio/7.0/toolchain/avr8/avr8-gnu-toolchain/bin/../lib/gcc/avr/5.4.0/../../../../avr/lib/avr5\libm.a
END GROUP
LOAD c:/program files (x86)/atmel/studio/7.0/toolchain/avr8/avr8-gnu-toolchain/bin/../lib/gcc/avr/5.4.0/avr5\libgcc.a
LOAD c:/program files (x86)/atmel/studio/7.0/toolchain/avr8/avr8-gnu-toolchain/bin/../lib/gcc/avr/5.4.0/../../../../avr/lib/avr5\libm.a
START GROUP
LOAD c:/program files (x86)/atmel/studio/7.0/toolchain/avr8/avr8-gnu-toolchain/bin/../lib/gcc/avr/5.4.0/avr5\libgcc.a
LOAD c:/program files (x86)/atmel/studio/7.0/toolchain/avr8/avr8-gnu-toolchain/bin/../lib/gcc/avr/5.4.0/../../../../avr/lib/avr5\libm.a
LOAD c:/program files (x86)/atmel/studio/7.0/toolchain/avr8/avr8-gnu-toolchain/bin/../lib/gcc/avr/5.4.0/../../../../avr/lib/avr5\libc.a
LOAD C:/Program Files (x86)/Atmel/Studio/7.0/Packs/atmel/ATmega_DFP/1.7.374/gcc/dev/atmega32/avr5\libatmega32.a
END GROUP
                0x00000000                __TEXT_REGION_ORIGIN__ = DEFINED (__TEXT_REGION_ORIGIN__)?__TEXT_REGION_ORIGIN__:0x0
                [0x00800060]                __DATA_REGION_ORIGIN__ = DEFINED (__DATA_REGION_ORIGIN__)?__DATA_REGION_ORIGIN__:0x800060
                [0x00008000]                __TEXT_REGION_LENGTH__ = DEFINED (__TEXT_REGION_LENGTH__)?__TEXT_REGION_LENGTH__:0x20000
                [0x00000800]                __DATA_REGION_LENGTH__ = DEFINED (__DATA_REGION_LENGTH__)?__DATA_REGION_LENGTH__:0xffa0
                [0x00000400]                __EEPROM_REGION_LENGTH__ = DEFINED (__EEPROM_REGION_LENGTH__)?__EEPROM_REGION_LENGTH__:0x10000
                [0x00000002]                __FUSE_REGION_LENGTH__ = DEFINED (__FUSE_REGION_LENGTH__)?__FUSE_REGION_LENGTH__:0x400
                0x00000400                __LOCK_REGION_LENGTH__ = DEFINED (__LOCK_REGION_LENGTH__)?__LOCK_REGION_LENGTH__:0x400
                0x00000400                __SIGNATURE_REGION_LENGTH__ = DEFINED (__SIGNATURE_REGION_LENGTH__)?__SIGNATURE_REGION_LENGTH__:0x400
                0x00000400                __USER_SIGNATURE_REGION_LENGTH__ = DEFINED (__USER_SIGNATURE_REGION_LENGTH__)?__USER_SIGNATURE_REGION_LENGTH__:0x400

.hash
 *(.hash)

.dynsym
 *(.dynsym)

.dynstr
 *(.dynstr)

.gnu.version
 *(.gnu.version)

.gnu.version_d
 *(.gnu.version_d)

.gnu.version_r
 *(.gnu.version_r)

.rel.init
 *(.rel.init)

.rela.init
 *(.rela.init)

.rel.text
 *(.rel.text)
 *(.rel.text.*)
 *(.rel.gnu.linkonce.t*)

.rela.text
 *(.rela.text)
 *(.rela.text.*)
 *(.rela.gnu.linkonce.t*)

.rel.fini
 *(.rel.fini)

.rela.fini
 *(.rela.fini)

.rel.rodata
 *(.rel.rodata)
 *(.rel.rodata.*)
 *(.rel.gnu.linkonce.r*)

.rela.rodata
 *(.rela.rodata)
 *(.rela.rodata.*)
 *(.rela.gnu.linkonce.r*)

.rel.data
 *(.rel.data)
 *(.rel.data.*)
 *(.rel.gnu.linkonce.d*)

.rela.data
 *(.rela.data)
 *(.rela.data.*)
 *(.rela.gnu.linkonce.d*)

.rel.ctors
 *(.rel.ctors)

.rela.ctors
 *(.rela.ctors)

.rel.dtors
 *(.rel.dtors)

.rela.dtors
 *(.rela.dtors)

.rel.got
 *(.rel.got)

.rela.got
 *(.rela.got)

.rel.bss
 *(.rel.bss)

.rela.bss
 *(.rela.bss)

.rel.plt
 *(.rel.plt)

.rela.plt
 *(.rela.plt)

.text           0x00000000      0xc08
 *(.vectors)
 .vectors       0x00000000       0x54 C:/Program Files (x86)/Atmel/Studio/7.0/Packs/atmel/ATmega_DFP/1.7.374/gcc/dev/atmega32/avr5/crtatmega32.o
                0x00000000                __vector_default
                0x00000000                __vectors
 *(.vectors)
 *(.progmem.gcc*)
                0x00000054                . = ALIGN (0x2)
                0x00000054                __trampolines_start = .
 *(.trampolines)
 .trampolines   0x00000054        0x0 linker stubs
 *(.trampolines*)
                0x00000054                __trampolines_end = .
 *libprintf_flt.a:*(.progmem.data)
 *libc.a:*(.progmem.data)
 *(.progmem*)
                0x00000054                . = ALIGN (0x2)
 *(.jumptables)
 *(.jumptables*)
 *(.lowtext)
 *(.lowtext*)
                0x00000054                __ctors_start = .
 *(.ctors)
 .ctors         0x00000054        0x2 main.o
                0x00000056                __ctors_end = .
                0x00000056                __dtors_start = .
 *(.dtors)
 .dtors         0x00000056        0x2 main.o
                0x00000058                __dtors_end = .
 SORT(*)(.ctors)
 SORT(*)(.dtors)
 *(.init0)
 .init0         0x00000058        0x0 C:/Program Files (x86)/Atmel/Studio/7.0/Packs/atmel/ATmega_DFP/1.7.374/gcc/dev/atmega32/avr5/crtatmega32.o
                0x00000058                __init
 *(.init0)
 *(.init1)
 *(.init1)
 *(.init2)
 .init2         0x00000058        0xc C:/Program Files (x86)/Atmel/Studio/7.0/Packs/atmel/ATmega_DFP/1.7.374/gcc/dev/atmega32/avr5/crtatmega32.o
 *(.init2)
 *(.init3)
 *(.init3)
 *(.init4)
 .init4         0x00000064       0x16 c:/program files (x86)/atmel/studio/7.0/toolchain/avr8/avr8-gnu-toolchain/bin/../lib/gcc/avr/5.4.0/avr5\libgcc.a(_copy_data.o)
                0x00000064                __do_copy_data
 .init4         0x0000007a       0x10 c:/program files (x86)/atmel/studio/7.0/toolchain/avr8/avr8-gnu-toolchain/bin/../lib/gcc/avr/5.4.0/avr5\libgcc.a(_clear_bss.o)
                0x0000007a                __do_clear_bss
 *(.init4)
 *(.init5)
 *(.init5)
 *(.init6)
 .init6         0x0000008a       0x16 c:/program files (x86)/atmel/studio/7.0/toolchain/avr8/avr8-gnu-toolchain/bin/../lib/gcc/avr/5.4.0/avr5\libgcc.a(_ctors.o)
                0x0000008a                __do_global_ctors
 *(.init6)
 *(.init7)
 *(.init7)
 *(.init8)
 *(.init8)
 *(.init9)
 .init9         0x000000a0        0x8 C:/Program Files (x86)/Atmel/Studio/7.0/Packs/atmel/ATmega_DFP/1.7.374/gcc/dev/atmega32/avr5/crtatmega32.o
 *(.init9)
 *(.text)
 .text          0x000000a8        0x4 C:/Program Files (x86)/Atmel/Studio/7.0/Packs/atmel/ATmega_DFP/1.7.374/gcc/dev/atmega32/avr5/crtatmega32.o
                0x000000a8                __vector_1
                0x000000a8                __vector_12
                0x000000a8                __bad_interrupt
                0x000000a8                __vector_6
                0x000000a8                __vector_3
                0x000000a8                __vector_11
                0x000000a8                __vector_17
                0x000000a8                __vector_19
                0x000000a8                __vector_7
                0x000000a8                __vector_5
                0x000000a8                __vector_9
                0x000000a8                __vector_2
                0x000000a8                __vector_8
                0x000000a8                __vector_14
                0x000000a8                __vector_10
                0x000000a8                __vector_16
                0x000000a8                __vector_18
                0x000000a8                __vector_20
                0x000000ac                . = ALIGN (0x2)
 *(.text.*)
 .text._ZN5Mutex4lockEm
                0x000000ac      0x138 core/Mutex.o
                0x000000ac                _ZN5Mutex4lockEm
 .text._ZN5Mutex6unlockEv
                0x000001e4       0x42 core/Mutex.o
                0x000001e4                _ZN5Mutex6unlockEv
 .text._ZN15ResourceManagerC2Ev
                0x00000226       0x62 core/ResourceManager.o
                0x00000226                _ZN15ResourceManagerC1Ev
                0x00000226                _ZN15ResourceManagerC2Ev
 .text._ZN15ResourceManager7getUARTEv
                0x00000288        0x2 core/ResourceManager.o
                0x00000288                _ZN15ResourceManager7getUARTEv
 .text._ZN15ResourceManager13getUART_MutexEv
                0x0000028a        0x4 core/ResourceManager.o
                0x0000028a                _ZN15ResourceManager13getUART_MutexEv
 .text._ZN15ResourceManager22initializeAllResourcesEv
                0x0000028e       0x20 core/ResourceManager.o
                0x0000028e                _ZN15ResourceManager22initializeAllResourcesEv
 .text.__vector_4
                0x000002ae       0x50 core/SystemKernel.o
                0x000002ae                __vector_4
 .text._ZN12SystemKernelC2Ev
                0x000002fe       0x34 core/SystemKernel.o
                0x000002fe                _ZN12SystemKernelC2Ev
                0x000002fe                _ZN12SystemKernelC1Ev
 .text._ZN12SystemKernel10initializeEv
                0x00000332       0x26 core/SystemKernel.o
                0x00000332                _ZN12SystemKernel10initializeEv
 .text._ZN12SystemKernel7addTaskEPFvvE12TaskPriority
                0x00000358        0x4 core/SystemKernel.o
                0x00000358                _ZN12SystemKernel7addTaskEPFvvE12TaskPriority
 .text._ZN12SystemKernel7getUARTEv
                0x0000035c        0x8 core/SystemKernel.o
                0x0000035c                _ZN12SystemKernel7getUARTEv
 .text._ZN12SystemKernel3runEv
                0x00000364        0xa core/SystemKernel.o
                0x00000364                _ZN12SystemKernel3runEv
 .text._ZN12SystemKernel20getTaskManagerForISREv
                0x0000036e        0xa core/SystemKernel.o
                0x0000036e                _ZN12SystemKernel20getTaskManagerForISREv
 .text._ZN11TaskManagerC2Ev
                0x00000378       0x64 core/TaskManager.o
                0x00000378                _ZN11TaskManagerC2Ev
                0x00000378                _ZN11TaskManagerC1Ev
 .text._ZN11TaskManager4tickEv
                0x000003dc       0x92 core/TaskManager.o
                0x000003dc                _ZN11TaskManager4tickEv
 .text._ZN11TaskManager8dispatchEv
                0x0000046e       0xaa core/TaskManager.o
                0x0000046e                _ZN11TaskManager8dispatchEv
 .text._ZN11TaskManager7addTaskEPFvvE12TaskPriority
                0x00000518       0x62 core/TaskManager.o
                0x00000518                _ZN11TaskManager7addTaskEPFvvE12TaskPriority
 .text._ZN11TaskManager5sleepEm
                0x0000057a       0x20 core/TaskManager.o
                0x0000057a                _ZN11TaskManager5sleepEm
 .text._ZL20GPIO_GetPORTRegister9GPIO_Port
                0x0000059a       0x1e drivers/GPIO/GPIO.o
 .text._Z13GPIO_WritePin9GPIO_Port8GPIO_Pin10GPIO_State
                0x000005b8       0x30 drivers/GPIO/GPIO.o
                0x000005b8                _Z13GPIO_WritePin9GPIO_Port8GPIO_Pin10GPIO_State
 .text._Z12UART_Disablev
                0x000005e8        0x8 drivers/UART/UART.o
                0x000005e8                _Z12UART_Disablev
 .text._Z16UART_SetBaudRatem
                0x000005f0       0x28 drivers/UART/UART.o
                0x000005f0                _Z16UART_SetBaudRatem
 .text._Z9UART_Init10UART_Statem13UART_DataBits13UART_StopBits11UART_Parity14UART_Interrupt
                0x00000618       0x88 drivers/UART/UART.o
                0x00000618                _Z9UART_Init10UART_Statem13UART_DataBits13UART_StopBits11UART_Parity14UART_Interrupt
 .text._Z13UART_SendByteh
                0x000006a0        0x8 drivers/UART/UART.o
                0x000006a0                _Z13UART_SendByteh
 .text.__vector_13
                0x000006a8       0x7c drivers/UART/UART.o
                0x000006a8                __vector_13
 .text.__vector_15
                0x00000724       0x4e drivers/UART/UART.o
                0x00000724                __vector_15
 .text._Z8fastTaskv
                0x00000772       0x9e main.o
                0x00000772                _Z8fastTaskv
 .text._Z8slowTaskv
                0x00000810       0x9e main.o
                0x00000810                _Z8slowTaskv
 .text._Z16resourceRaceTaskv
                0x000008ae      0x128 main.o
                0x000008ae                _Z16resourceRaceTaskv
 .text._Z9blinkTaskv
                0x000009d6       0x28 main.o
                0x000009d6                _Z9blinkTaskv
 .text.startup.main
                0x000009fe       0x56 main.o
                0x000009fe                main
 .text.startup._GLOBAL__sub_I_kernel
                0x00000a54        0x8 main.o
 .text.exit._GLOBAL__sub_D_kernel
                0x00000a5c        0x8 main.o
 .text._ZN13UART_ResourceC2ERKNS_6ConfigE
                0x00000a64       0x14 resources/UART_Resource.o
                0x00000a64                _ZN13UART_ResourceC2ERKNS_6ConfigE
                0x00000a64                _ZN13UART_ResourceC1ERKNS_6ConfigE
 .text._ZN13UART_ResourceD2Ev
                0x00000a78        0xc resources/UART_Resource.o
                0x00000a78                _ZN13UART_ResourceD2Ev
                0x00000a78                _ZN13UART_ResourceD1Ev
 .text._ZN13UART_Resource5startEv
                0x00000a84       0x3a resources/UART_Resource.o
                0x00000a84                _ZN13UART_Resource5startEv
 .text._ZN13UART_Resource5startEm
                0x00000abe        0xe resources/UART_Resource.o
                0x00000abe                _ZN13UART_Resource5startEm
 .text._ZN13UART_Resource5printEPKc
                0x00000acc       0x40 resources/UART_Resource.o
                0x00000acc                _ZN13UART_Resource5printEPKc
 .text._ZN13UART_Resource7printlnEPKc
                0x00000b0c       0x28 resources/UART_Resource.o
                0x00000b0c                _ZN13UART_Resource7printlnEPKc
 .text.libgcc.div
                0x00000b34       0x44 c:/program files (x86)/atmel/studio/7.0/toolchain/avr8/avr8-gnu-toolchain/bin/../lib/gcc/avr/5.4.0/avr5\libgcc.a(_udivmodsi4.o)
                0x00000b34                __udivmodsi4
 .text.libgcc   0x00000b78        0xc c:/program files (x86)/atmel/studio/7.0/toolchain/avr8/avr8-gnu-toolchain/bin/../lib/gcc/avr/5.4.0/avr5\libgcc.a(_tablejump2.o)
                0x00000b78                __tablejump2__
 .text.avr-libc
                0x00000b84       0x16 c:/program files (x86)/atmel/studio/7.0/toolchain/avr8/avr8-gnu-toolchain/bin/../lib/gcc/avr/5.4.0/../../../../avr/lib/avr5\libc.a(itoa_ncheck.o)
                0x00000b84                __itoa_ncheck
 .text.avr-libc
                0x00000b9a       0x34 c:/program files (x86)/atmel/studio/7.0/toolchain/avr8/avr8-gnu-toolchain/bin/../lib/gcc/avr/5.4.0/../../../../avr/lib/avr5\libc.a(utoa_ncheck.o)
                0x00000b9a                __utoa_ncheck
                0x00000b9c                __utoa_common
 .text.avr-libc
                0x00000bce       0x20 c:/program files (x86)/atmel/studio/7.0/toolchain/avr8/avr8-gnu-toolchain/bin/../lib/gcc/avr/5.4.0/../../../../avr/lib/avr5\libc.a(strrev.o)
                0x00000bce                strrev
                0x00000bee                . = ALIGN (0x2)
 *(.fini9)
 .fini9         0x00000bee        0x0 c:/program files (x86)/atmel/studio/7.0/toolchain/avr8/avr8-gnu-toolchain/bin/../lib/gcc/avr/5.4.0/avr5\libgcc.a(_exit.o)
                0x00000bee                _exit
                0x00000bee                exit
 *(.fini9)
 *(.fini8)
 *(.fini8)
 *(.fini7)
 *(.fini7)
 *(.fini6)
 .fini6         0x00000bee       0x16 c:/program files (x86)/atmel/studio/7.0/toolchain/avr8/avr8-gnu-toolchain/bin/../lib/gcc/avr/5.4.0/avr5\libgcc.a(_dtors.o)
                0x00000bee                __do_global_dtors
 *(.fini6)
 *(.fini5)
 *(.fini5)
 *(.fini4)
 *(.fini4)
 *(.fini3)
 *(.fini3)
 *(.fini2)
 *(.fini2)
 *(.fini1)
 *(.fini1)
 *(.fini0)
 .fini0         0x00000c04        0x4 c:/program files (x86)/atmel/studio/7.0/toolchain/avr8/avr8-gnu-toolchain/bin/../lib/gcc/avr/5.4.0/avr5\libgcc.a(_exit.o)
 *(.fini0)
                0x00000c08                _etext = .

.data           0x00800060       0xc8 load address 0x00000c08
                0x00800060                PROVIDE (__data_start, .)
 *(.data)
 *(.data*)
 *(.gnu.linkonce.d*)
 *(.rodata)
 *(.rodata*)
 .rodata.str1.1
                0x00800060       0x1c core/ResourceManager.o
 .rodata.CSWTCH.13
                0x0080007c        0x6 drivers/GPIO/GPIO.o
 .rodata.str1.1
                0x00800082       0xa3 main.o
                                 0xa5 (size before relaxing)
 .rodata.str1.1
                0x00800125        0x3 resources/UART_Resource.o
 *(.gnu.linkonce.r*)
                0x00800128                . = ALIGN (0x2)
                0x00800128                _edata = .
                0x00800128                PROVIDE (__data_end, .)

.bss            0x00800128      0x187
                0x00800128                PROVIDE (__bss_start, .)
 *(.bss)
 *(.bss*)
 .bss._ZN12SystemKernel30resourceManagerInstanceForISR_E
                0x00800128        0x2 core/SystemKernel.o
                0x00800128                _ZN12SystemKernel30resourceManagerInstanceForISR_E
 .bss._ZN12SystemKernel26taskManagerInstanceForISR_E
                0x0080012a        0x2 core/SystemKernel.o
                0x0080012a                _ZN12SystemKernel26taskManagerInstanceForISR_E
 .bss._ZL16uart_rx_callback
                0x0080012c        0x2 drivers/UART/UART.o
 .bss._ZL12uart_tx_tail
                0x0080012e        0x1 drivers/UART/UART.o
 .bss._ZL12uart_tx_head
                0x0080012f        0x1 drivers/UART/UART.o
 .bss._ZL12uart_rx_tail
                0x00800130        0x1 drivers/UART/UART.o
 .bss._ZL12uart_rx_head
                0x00800131        0x1 drivers/UART/UART.o
 .bss._ZL14uart_tx_buffer
                0x00800132       0x40 drivers/UART/UART.o
 .bss._ZL14uart_rx_buffer
                0x00800172       0x40 drivers/UART/UART.o
 .bss._ZZ16resourceRaceTaskvE6taskId
                0x008001b2        0x1 main.o
 .bss._ZZ16resourceRaceTaskvE11initialized
                0x008001b3        0x1 main.o
 .bss.itoa_buffer
                0x008001b4       0x10 main.o
                0x008001b4                itoa_buffer
 .bss.stressTotalAttempts
                0x008001c4        0x4 main.o
                0x008001c4                stressTotalAttempts
 .bss.ledState  0x008001c8        0x1 main.o
                0x008001c8                ledState
 .bss.slowCounter
                0x008001c9        0x4 main.o
                0x008001c9                slowCounter
 .bss.fastCounter
                0x008001cd        0x4 main.o
                0x008001cd                fastCounter
 .bss.kernel    0x008001d1       0xde main.o
                0x008001d1                kernel
 *(COMMON)
                0x008002af                PROVIDE (__bss_end, .)
                0x00000c08                __data_load_start = LOADADDR (.data)
                0x00000cd0                __data_load_end = (__data_load_start + SIZEOF (.data))

.noinit         0x008002af        0x0
                [!provide]                PROVIDE (__noinit_start, .)
 *(.noinit*)
                [!provide]                PROVIDE (__noinit_end, .)
                0x008002af                _end = .
                [!provide]                PROVIDE (__heap_start, .)

.eeprom         0x00810000        0x0
 *(.eeprom*)
                0x00810000                __eeprom_end = .

.fuse
 *(.fuse)
 *(.lfuse)
 *(.hfuse)
 *(.efuse)

.lock
 *(.lock*)

.signature
 *(.signature*)

.user_signatures
 *(.user_signatures*)

.stab
 *(.stab)

.stabstr
 *(.stabstr)

.stab.excl
 *(.stab.excl)

.stab.exclstr
 *(.stab.exclstr)

.stab.index
 *(.stab.index)

.stab.indexstr
 *(.stab.indexstr)

.comment        0x00000000       0x30
 *(.comment)
 .comment       0x00000000       0x30 core/Mutex.o
                                 0x31 (size before relaxing)
 .comment       0x00000030       0x31 core/ResourceManager.o
 .comment       0x00000030       0x31 core/SystemKernel.o
 .comment       0x00000030       0x31 core/TaskManager.o
 .comment       0x00000030       0x31 drivers/GPIO/GPIO.o
 .comment       0x00000030       0x31 drivers/UART/UART.o
 .comment       0x00000030       0x31 main.o
 .comment       0x00000030       0x31 resources/UART_Resource.o

.note.gnu.avr.deviceinfo
                0x00000000       0x3c
 .note.gnu.avr.deviceinfo
                0x00000000       0x3c C:/Program Files (x86)/Atmel/Studio/7.0/Packs/atmel/ATmega_DFP/1.7.374/gcc/dev/atmega32/avr5/crtatmega32.o

.note.gnu.build-id
 *(.note.gnu.build-id)

.debug
 *(.debug)

.line
 *(.line)

.debug_srcinfo
 *(.debug_srcinfo)

.debug_sfnames
 *(.debug_sfnames)

.debug_aranges
 *(.debug_aranges)

.debug_pubnames
 *(.debug_pubnames)

.debug_info     0x00000000      0x4e6
 *(.debug_info .gnu.linkonce.wi.*)
 .debug_info    0x00000000      0x4e6 C:/Program Files (x86)/Atmel/Studio/7.0/Packs/atmel/ATmega_DFP/1.7.374/gcc/dev/atmega32/avr5/crtatmega32.o

.debug_abbrev   0x00000000      0x4a3
 *(.debug_abbrev)
 .debug_abbrev  0x00000000      0x4a3 C:/Program Files (x86)/Atmel/Studio/7.0/Packs/atmel/ATmega_DFP/1.7.374/gcc/dev/atmega32/avr5/crtatmega32.o

.debug_line     0x00000000      0x116
 *(.debug_line .debug_line.* .debug_line_end)
 .debug_line    0x00000000      0x116 C:/Program Files (x86)/Atmel/Studio/7.0/Packs/atmel/ATmega_DFP/1.7.374/gcc/dev/atmega32/avr5/crtatmega32.o

.debug_frame
 *(.debug_frame)

.debug_str      0x00000000      0x196
 *(.debug_str)
 .debug_str     0x00000000      0x196 C:/Program Files (x86)/Atmel/Studio/7.0/Packs/atmel/ATmega_DFP/1.7.374/gcc/dev/atmega32/avr5/crtatmega32.o

.debug_loc
 *(.debug_loc)

.debug_macinfo
 *(.debug_macinfo)

.debug_weaknames
 *(.debug_weaknames)

.debug_funcnames
 *(.debug_funcnames)

.debug_typenames
 *(.debug_typenames)

.debug_varnames
 *(.debug_varnames)

.debug_pubtypes
 *(.debug_pubtypes)

.debug_ranges
 *(.debug_ranges)

.debug_macro
 *(.debug_macro)
OUTPUT(RTOS.elf elf32-avr)
LOAD linker stubs
